server/services/workflowEngine.ts(1,34): error TS6133: 'WorkflowEdge' is declared but its value is never read.
server/workflow/actions/core.ts(17,19): error TS6133: 'record' is declared but its value is never read.
server/workflow/actions/core.ts(24,19): error TS6133: 'record' is declared but its value is never read.
server/workflow/actions/core.ts(31,19): error TS6133: 'record' is declared but its value is never read.
src/components/AI/AIAssistant.tsx(13,18): error TS6133: 'AnimatePresence' is declared but its value is never read.
src/components/AI/AIAssistant.tsx(30,11): error TS6133: 'isAIAssistantOpen' is declared but its value is never read.
src/components/AI/ChatDrawer.tsx(24,11): error TS6133: 'isChatOpen' is declared but its value is never read.
src/components/Builder/ConditionModal.tsx(10,3): error TS6133: 'Filter' is declared but its value is never read.
src/components/Builder/ConditionModal.tsx(15,3): error TS6133: 'Type' is declared but its value is never read.
src/components/Builder/ConditionModal.tsx(20,3): error TS6133: 'Sparkles' is declared but its value is never read.
src/components/Builder/ConditionModal.tsx(24,3): error TS6133: 'Monitor' is declared but its value is never read.
src/components/Builder/ConditionModal.tsx(29,3): error TS6133: 'Key' is declared but its value is never read.
src/components/Builder/ConditionModal.tsx(32,10): error TS2614: Module '"../ModuleEditor"' has no exported member 'VisibilityRule'. Did you mean to use 'import VisibilityRule from "../ModuleEditor"' instead?
src/components/Builder/ConditionModal.tsx(32,33): error TS2614: Module '"../ModuleEditor"' has no exported member 'Tab'. Did you mean to use 'import Tab from "../ModuleEditor"' instead?
src/components/Builder/ConditionModal.tsx(42,3): error TS6133: 'DragOverlay' is declared but its value is never read.
src/components/Builder/ConditionModal.tsx(43,3): error TS6133: 'defaultDropAnimationSideEffects' is declared but its value is never read.
src/components/Builder/ConditionModal.tsx(46,3): error TS6133: 'DragOverEvent' is declared but its value is never read.
src/components/Builder/ConditionModal.tsx(600,10): error TS6133: 'activeId' is declared but its value is never read.
src/components/Builder/ConditionModal.tsx(679,38): error TS7006: Parameter 'r' implicitly has an 'any' type.
src/components/Builder/ConditionModal.tsx(689,14): error TS7006: Parameter 'r' implicitly has an 'any' type.
src/components/Builder/ConditionModal.tsx(690,18): error TS7006: Parameter 'r' implicitly has an 'any' type.
src/components/Builder/ConditionModal.tsx(700,34): error TS7006: Parameter 'r' implicitly has an 'any' type.
src/components/Builder/ConditionModal.tsx(788,25): error TS7006: Parameter 'subRule' implicitly has an 'any' type.
src/components/Builder/ConditionModal.tsx(815,56): error TS7006: Parameter 'r' implicitly has an 'any' type.
src/components/Builder/ConditionModal.tsx(816,56): error TS7006: Parameter 'r' implicitly has an 'any' type.
src/components/Builder/ConditionModal.tsx(863,52): error TS7006: Parameter 'prev' implicitly has an 'any' type.
src/components/Builder/ConditionModal.tsx(882,52): error TS7006: Parameter 'prev' implicitly has an 'any' type.
src/components/Builder/ConditionModal.tsx(925,50): error TS7006: Parameter 'prev' implicitly has an 'any' type.
src/components/Builder/ConditionModal.tsx(948,54): error TS7006: Parameter 'prev' implicitly has an 'any' type.
src/components/Builder/ConditionModal.tsx(975,56): error TS7006: Parameter 'prev' implicitly has an 'any' type.
src/components/Builder/ConditionModal.tsx(983,42): error TS7006: Parameter 'prev' implicitly has an 'any' type.
src/components/Builder/ConditionModal.tsx(1004,46): error TS7006: Parameter 'prev' implicitly has an 'any' type.
src/components/Builder/ConditionModal.tsx(1011,48): error TS7006: Parameter 'prev' implicitly has an 'any' type.
src/components/Builder/ConditionModal.tsx(1022,48): error TS7006: Parameter 'prev' implicitly has an 'any' type.
src/components/Builder/ConditionModal.tsx(1037,48): error TS7006: Parameter 'prev' implicitly has an 'any' type.
src/components/Builder/ConditionModal.tsx(1051,33): error TS7006: Parameter 'prev' implicitly has an 'any' type.
src/components/Builder/ConditionModal.tsx(1061,33): error TS7006: Parameter 'prev' implicitly has an 'any' type.
src/components/Builder/ConditionModal.tsx(1069,46): error TS7006: Parameter 'prev' implicitly has an 'any' type.
src/components/Builder/ConditionModal.tsx(1080,43): error TS7006: Parameter 'sr' implicitly has an 'any' type.
src/components/Builder/ConditionModal.tsx(1083,37): error TS7006: Parameter 'subRule' implicitly has an 'any' type.
src/components/Builder/ConditionModal.tsx(1221,50): error TS7006: Parameter 'prev' implicitly has an 'any' type.
src/components/Builder/ConditionModal.tsx(1232,50): error TS7006: Parameter 'prev' implicitly has an 'any' type.
src/components/Builder/ConditionModal.tsx(1273,73): error TS7006: Parameter 'r' implicitly has an 'any' type.
src/components/Builder/ConnectorModal.tsx(3,26): error TS6133: 'Check' is declared but its value is never read.
src/components/Builder/FieldCreationModal.tsx(8,3): error TS6133: 'ChevronRight' is declared but its value is never read.
src/components/Builder/FieldGroup.tsx(1,35): error TS6133: 'useCallback' is declared but its value is never read.
src/components/Builder/FieldGroup.tsx(1,48): error TS6133: 'useEffect' is declared but its value is never read.
src/components/Builder/FieldGroup.tsx(3,50): error TS6133: 'X' is declared but its value is never read.
src/components/Builder/FieldGroup.tsx(3,53): error TS6133: 'Maximize2' is declared but its value is never read.
src/components/Builder/FieldGroup.tsx(5,25): error TS6133: 'GridItem' is declared but its value is never read.
src/components/Builder/FieldGroup.tsx(5,35): error TS6133: 'GridPos' is declared but its value is never read.
src/components/Builder/FieldGroup.tsx(94,10): error TS6133: 'dragOffset' is declared but its value is never read.
src/components/Builder/FieldGroup.tsx(94,22): error TS6133: 'setDragOffset' is declared but its value is never read.
src/components/Builder/FieldGroup.tsx(97,9): error TS6133: 'snapToGrid' is declared but its value is never read.
src/components/Builder/FieldSelectorModal.tsx(33,17): error TS2614: Module '"../ModuleEditor"' has no exported member 'FieldType'. Did you mean to use 'import FieldType from "../ModuleEditor"' instead?
src/components/Builder/NexusSelectionModal.tsx(3,26): error TS6133: 'Globe' is declared but its value is never read.
src/components/Builder/NexusSelectionModal.tsx(5,1): error TS6133: 'cn' is declared but its value is never read.
src/components/Builder/NexusSelectionModal.tsx(25,3): error TS6133: 'activeConnectors' is declared but its value is never read.
src/components/Builder/Workflow/CustomEdge.tsx(8,50): error TS6133: 'CircleDot' is declared but its value is never read.
src/components/Builder/Workflow/CustomEdge.tsx(8,61): error TS6133: 'Play' is declared but its value is never read.
src/components/Builder/Workflow/CustomNode.tsx(1,1): error TS6133: 'React' is declared but its value is never read.
src/components/Builder/Workflow/CustomNode.tsx(3,10): error TS6133: 'Settings2' is declared but its value is never read.
src/components/Builder/Workflow/CustomNode.tsx(7,7): error TS2741: Property 'ZONE' is missing in type '{ START: React.ForwardRefExoticComponent<Omit<LucideProps, "ref"> & React.RefAttributes<SVGSVGElement>>; STATUS: React.ForwardRefExoticComponent<Omit<LucideProps, "ref"> & React.RefAttributes<...>>; DECISION: React.ForwardRefExoticComponent<...>; ACTION: React.ForwardRefExoticComponent<...>; DELAY: React.ForwardRefE...' but required in type 'Record<WorkflowNodeType, any>'.
src/components/Builder/Workflow/CustomNode.tsx(41,9): error TS7022: 'accentHex' implicitly has type 'any' because it does not have a type annotation and is referenced directly or indirectly in its own initializer.
src/components/Builder/Workflow/CustomNode.tsx(41,21): error TS7053: Element implicitly has an 'any' type because expression of type 'string | number | symbol' can't be used to index type '{ indigo: string; amber: string; emerald: string; zinc: string; rose: string; }'.
src/components/Builder/Workflow/CustomZone.tsx(1,1): error TS6133: 'React' is declared but its value is never read.
src/components/Builder/Workflow/CustomZone.tsx(6,54): error TS6133: 'id' is declared but its value is never read.
src/components/Builder/Workflow/GraphEditor.tsx(11,3): error TS6133: 'Edge' is declared but its value is never read.
src/components/Builder/Workflow/GraphEditor.tsx(12,3): error TS6133: 'Panel' is declared but its value is never read.
src/components/Builder/Workflow/GraphEditor.tsx(20,40): error TS6133: 'Save' is declared but its value is never read.
src/components/Builder/Workflow/GraphEditor.tsx(24,20): error TS6133: 'WorkflowNode' is declared but its value is never read.
src/components/Builder/Workflow/GraphEditor.tsx(24,34): error TS6133: 'WorkflowEdge' is declared but its value is never read.
src/components/Builder/Workflow/GraphEditor.tsx(139,14): error TS2345: Argument of type '{ position: { x: number; y: number; }; id: string; data: Record<string, unknown>; sourcePosition?: Position; targetPosition?: Position; hidden?: boolean; selected?: boolean; ... 24 more ...; domAttributes?: Omit<...>; }[]' is not assignable to parameter of type 'SetStateAction<{ width?: number; height?: number; id: string; type: string; data: { label: string; type: WorkflowNodeType; onDelete: (id: string) => void; }; position: { x: number; y: number; }; }[]>'.
  Type '{ position: { x: number; y: number; }; id: string; data: Record<string, unknown>; sourcePosition?: Position; targetPosition?: Position; hidden?: boolean; selected?: boolean; ... 24 more ...; domAttributes?: Omit<...>; }[]' is not assignable to type '{ width?: number; height?: number; id: string; type: string; data: { label: string; type: WorkflowNodeType; onDelete: (id: string) => void; }; position: { x: number; y: number; }; }[]'.
    Type '{ position: { x: number; y: number; }; id: string; data: Record<string, unknown>; sourcePosition?: Position; targetPosition?: Position; hidden?: boolean; ... 25 more ...; domAttributes?: Omit<React.HTMLAttributes<HTMLDivElement>, "id" | "style" | "className" | "draggable" | "role" | "aria-label" | "defaultValue" | "...' is not assignable to type '{ width?: number; height?: number; id: string; type: string; data: { label: string; type: WorkflowNodeType; onDelete: (id: string) => void; }; position: { x: number; y: number; }; }'.
      Property 'type' is optional in type '{ position: { x: number; y: number; }; id: string; data: Record<string, unknown>; sourcePosition?: Position; targetPosition?: Position; hidden?: boolean; selected?: boolean; ... 24 more ...; domAttributes?: Omit<...>; }' but required in type '{ width?: number; height?: number; id: string; type: string; data: { label: string; type: WorkflowNodeType; onDelete: (id: string) => void; }; position: { x: number; y: number; }; }'.
src/components/Builder/Workflow/GraphEditor.tsx(263,15): error TS7018: Object literal's property 'parentId' implicitly has an 'any' type.
src/components/Builder/Workflow/GraphEditor.tsx(268,15): error TS7018: Object literal's property 'extent' implicitly has an 'any' type.
src/components/Builder/Workflow/GraphEditor.tsx(466,72): error TS2339: Property 'actionType' does not exist on type '{ label: string; type: WorkflowNodeType; onDelete: (id: string) => void; }'.
src/components/Builder/Workflow/GraphEditor.tsx(478,73): error TS2339: Property 'actionType' does not exist on type '{ label: string; type: WorkflowNodeType; onDelete: (id: string) => void; }'.
src/components/Builder/Workflow/GraphEditor.tsx(545,33): error TS6133: 'n' is declared but its value is never read.
src/components/Builder/Workflow/GraphEditor.tsx(672,88): error TS2339: Property 'color' does not exist on type '{ label: string; type: WorkflowNodeType; onDelete: (id: string) => void; }'.
src/components/Builder/Workflow/GraphEditor.tsx(728,145): error TS2339: Property 'actionType' does not exist on type '{ label: string; type: WorkflowNodeType; onDelete: (id: string) => void; }'.
src/components/Builder/Workflow/GraphEditor.tsx(735,124): error TS2339: Property 'actionType' does not exist on type '{ label: string; type: WorkflowNodeType; onDelete: (id: string) => void; }'.
src/components/Builder/Workflow/GraphEditor.tsx(744,80): error TS2339: Property 'actionType' does not exist on type '{ label: string; type: WorkflowNodeType; onDelete: (id: string) => void; }'.
src/components/Builder/Workflow/GraphEditor.tsx(752,175): error TS2339: Property 'actionType' does not exist on type '{ label: string; type: WorkflowNodeType; onDelete: (id: string) => void; }'.
src/components/Builder/Workflow/WorkflowDebugger.tsx(5,3): error TS6133: 'ChevronRight' is declared but its value is never read.
src/components/Builder/Workflow/WorkflowDebugger.tsx(12,20): error TS6133: 'WorkflowNode' is declared but its value is never read.
src/components/Builder/Workflow/WorkflowPreview.tsx(11,20): error TS6133: 'WorkflowNodeType' is declared but its value is never read.
src/components/CommandPalette.tsx(1,8): error TS6133: 'React' is declared but its value is never read.
src/components/CommandPalette.tsx(1,38): error TS6133: 'useCallback' is declared but its value is never read.
src/components/CommandPalette.tsx(17,76): error TS6133: 'tabs' is declared but its value is never read.
src/components/CommandPalette.tsx(17,90): error TS6133: 'activeTab' is declared but its value is never read.
src/components/CommandPalette.tsx(59,11): error TS2339: Property 'category' does not exist on type '{ id: any; label: any; icon: ForwardRefExoticComponent<Omit<LucideProps, "ref"> & RefAttributes<SVGSVGElement>>; category: string; type: string; } | { ...; }'.
  Property 'category' does not exist on type '{ id: string; label: string; icon: ForwardRefExoticComponent<Omit<LucideProps, "ref"> & RefAttributes<SVGSVGElement>>; shortcut: string; type: string; }'.
src/components/CommandPalette.tsx(59,28): error TS2339: Property 'category' does not exist on type '{ id: any; label: any; icon: ForwardRefExoticComponent<Omit<LucideProps, "ref"> & RefAttributes<SVGSVGElement>>; category: string; type: string; } | { ...; }'.
  Property 'category' does not exist on type '{ id: string; label: string; icon: ForwardRefExoticComponent<Omit<LucideProps, "ref"> & RefAttributes<SVGSVGElement>>; shortcut: string; type: string; }'.
src/components/Common/UserSelector.tsx(6,20): error TS6133: 'Team' is declared but its value is never read.
src/components/Common/UserSelector.tsx(32,11): error TS6133: 'teams' is declared but its value is never read.
src/components/FieldInput.tsx(660,97): error TS2322: Type '{ value: any; onChange: (value: any, metadata?: any) => void; readonly: boolean; onBlur: () => void; dateFormat: any; excludeWeekends: any; min: string; max: string; }' is not assignable to type 'IntrinsicAttributes & DatePickerProps'.
  Property 'onBlur' does not exist on type 'IntrinsicAttributes & DatePickerProps'.
src/components/ModuleCatalog.tsx(9,3): error TS6133: 'XCircle' is declared but its value is never read.
src/components/ModuleCatalog.tsx(13,3): error TS6133: 'Sparkles' is declared but its value is never read.
src/components/ModuleCatalog.tsx(37,7): error TS6133: 'CATEGORIES' is declared but its value is never read.
src/components/ModuleCatalog.tsx(49,7): error TS6133: 'MODULE_TYPES' is declared but its value is never read.
src/components/ModuleCatalog.tsx(67,3): error TS6133: 'handleDisable' is declared but its value is never read.
src/components/ModuleCatalog.tsx(69,3): error TS6133: 'setModuleToDelete' is declared but its value is never read.
src/components/ModuleCatalog.tsx(133,30): error TS6133: 'setSelectedCategories' is declared but its value is never read.
src/components/ModuleCatalog.tsx(134,24): error TS6133: 'setSelectedType' is declared but its value is never read.
src/components/ModuleCatalog.tsx(135,26): error TS6133: 'setSelectedStatus' is declared but its value is never read.
src/components/ModuleCatalog.tsx(789,52): error TS7006: Parameter 'm' implicitly has an 'any' type.
src/components/ModuleCatalog.tsx(854,31): error TS7006: Parameter 'm' implicitly has an 'any' type.
src/components/ModuleCatalog.tsx(956,52): error TS7006: Parameter 'm' implicitly has an 'any' type.
src/components/ModuleEditor.tsx(2589,20): error TS2367: This comparison appears to be unintentional because the types '"details" | "rules" | "security" | "builder" | "workflow" | "forms" | "deployment"' and '"map"' have no overlap.
src/components/Navigation/Breadcrumbs.tsx(1,1): error TS6133: 'React' is declared but its value is never read.
src/components/Navigation/NotificationsDrawer.tsx(11,3): error TS6133: 'MoreVertical' is declared but its value is never read.
src/components/Platform/AddRelationshipModal.tsx(3,3): error TS6133: 'Plus' is declared but its value is never read.
src/components/Platform/AddRelationshipModal.tsx(7,3): error TS6133: 'X' is declared but its value is never read.
src/components/Platform/AddRelationshipModal.tsx(10,3): error TS6133: 'GitBranch' is declared but its value is never read.
src/components/Platform/AddRelationshipModal.tsx(11,3): error TS6133: 'ShieldCheck' is declared but its value is never read.
src/components/Platform/AddRelationshipModal.tsx(16,1): error TS6192: All imports in import declaration are unused.
src/components/Platform/CreatePartyModal.tsx(8,3): error TS6133: 'X' is declared but its value is never read.
src/components/Platform/CreatePartyModal.tsx(10,3): error TS6133: 'Briefcase' is declared but its value is never read.
src/components/Platform/CreatePartyModal.tsx(11,3): error TS6133: 'Globe' is declared but its value is never read.
src/components/Platform/CreatePartyModal.tsx(12,3): error TS6133: 'Calendar' is declared but its value is never read.
src/components/Platform/PendingApprovals.tsx(1,8): error TS6133: 'React' is declared but its value is never read.
src/components/Platform/PendingApprovals.tsx(10,3): error TS6133: 'ArrowRight' is declared but its value is never read.
src/components/Platform/RecursiveCollectionBlock.tsx(2,32): error TS2305: Module '"lucide-react"' has no exported member 'Mirror'.
src/components/Platform/RecursiveCollectionBlock.tsx(2,32): error TS6133: 'Mirror' is declared but its value is never read.
src/components/Platform/RecursiveCollectionBlock.tsx(2,54): error TS6133: 'ExternalLink' is declared but its value is never read.
src/components/Platform/RecursiveCollectionBlock.tsx(18,29): error TS6133: 'refetch' is declared but its value is never read.
src/components/Platform/RelationshipGraph.tsx(2,21): error TS7016: Could not find a declaration file for module 'd3'. 'C:/Projects/aurora/node_modules/d3/src/index.js' implicitly has an 'any' type.
  Try `npm i --save-dev @types/d3` if it exists or add a new declaration (.d.ts) file containing `declare module 'd3';`
src/components/Platform/RelationshipGraph.tsx(4,10): error TS6133: 'Building2' is declared but its value is never read.
src/components/Platform/RelationshipGraph.tsx(4,21): error TS6133: 'User' is declared but its value is never read.
src/components/Platform/RepeatableGroupBlock.tsx(3,1): error TS6133: 'cn' is declared but its value is never read.
src/components/Settings/NavigationArchitect.tsx(1,8): error TS6133: 'React' is declared but its value is never read.
src/components/Settings/NavigationArchitect.tsx(21,82): error TS6133: 'ChevronRight' is declared but its value is never read.
src/components/Settings/NavigationArchitect.tsx(23,1): error TS6192: All imports in import declaration are unused.
src/components/Settings/NavigationArchitect.tsx(113,30): error TS7006: Parameter 'updates' implicitly has an 'any' type.
src/components/Settings/Organization/GlobalListsSettings.tsx(4,11): error TS6133: 'ListIcon' is declared but its value is never read.
src/components/Settings/Organization/GlobalListsSettings.tsx(16,3): error TS6133: 'AlertCircle' is declared but its value is never read.
src/components/Settings/Organization/GlobalListsSettings.tsx(18,3): error TS6133: 'Activity' is declared but its value is never read.
src/components/Settings/Organization/GlobalListsSettings.tsx(19,3): error TS6133: 'Box' is declared but its value is never read.
src/components/Settings/Organization/GlobalListsSettings.tsx(20,3): error TS6133: 'Eye' is declared but its value is never read.
src/components/Settings/Organization/GlobalListsSettings.tsx(21,3): error TS6133: 'EyeOff' is declared but its value is never read.
src/components/Settings/Organization/GlobalListsSettings.tsx(22,3): error TS6133: 'Columns' is declared but its value is never read.
src/components/Settings/Organization/GlobalListsSettings.tsx(24,3): error TS6133: 'Settings2' is declared but its value is never read.
src/components/Settings/Organization/GlobalListsSettings.tsx(25,3): error TS6133: 'Save' is declared but its value is never read.
src/components/Settings/Organization/GlobalListsSettings.tsx(34,3): error TS6133: 'Filter' is declared but its value is never read.
src/components/Settings/Organization/GlobalListsSettings.tsx(35,3): error TS6133: 'ArrowRight' is declared but its value is never read.
src/components/Settings/Organization/GlobalListsSettings.tsx(37,3): error TS6133: 'User' is declared but its value is never read.
src/components/Settings/Organization/GlobalListsSettings.tsx(38,3): error TS6133: 'ExternalLink' is declared but its value is never read.
src/components/Settings/Organization/GlobalListsSettings.tsx(39,3): error TS6133: 'ShieldCheck' is declared but its value is never read.
src/components/Settings/Organization/GlobalListsSettings.tsx(41,3): error TS6133: 'Settings' is declared but its value is never read.
src/components/Settings/Organization/GlobalListsSettings.tsx(42,3): error TS6133: 'GripHorizontal' is declared but its value is never read.
src/components/Settings/Organization/GlobalListsSettings.tsx(44,3): error TS6133: 'RefreshCcw' is declared but its value is never read.
src/components/Settings/Organization/GlobalListsSettings.tsx(45,3): error TS6133: 'UserCheck' is declared but its value is never read.
src/components/Settings/Organization/GlobalListsSettings.tsx(53,3): error TS6133: 'closestCenter' is declared but its value is never read.
src/components/Settings/Organization/GlobalListsSettings.tsx(58,3): error TS6133: 'DragOverlay' is declared but its value is never read.
src/components/Settings/Organization/GlobalListsSettings.tsx(60,3): error TS6133: 'defaultDropAnimationSideEffects' is declared but its value is never read.
src/components/Settings/Organization/GlobalListsSettings.tsx(66,3): error TS6133: 'sortableKeyboardCoordinates' is declared but its value is never read.
src/components/Settings/Organization/GlobalListsSettings.tsx(79,9): error TS6133: 'modules' is declared but its value is never read.
src/components/Settings/Organization/GlobalListsSettings.tsx(103,14): error TS6133: 'itemsLoading' is declared but its value is never read.
src/components/Settings/Organization/GlobalListsSettings.tsx(337,131): error TS7006: Parameter 'open' implicitly has an 'any' type.
src/components/Settings/Organization/GlobalListsSettings.tsx(337,196): error TS7006: Parameter 'updates' implicitly has an 'any' type.
src/components/Settings/Organization/GlobalListsSettings.tsx(337,306): error TS7006: Parameter 'width' implicitly has an 'any' type.
src/components/Settings/Organization/GlobalListsSettings.tsx(359,58): error TS7006: Parameter 'colId' implicitly has an 'any' type.
src/components/Settings/Organization/GlobalListsSettings.tsx(362,49): error TS7006: Parameter 'open' implicitly has an 'any' type.
src/components/Settings/Organization/GlobalListsSettings.tsx(444,33): error TS6133: 'index' is declared but its value is never read.
src/components/Settings/Organization/GlobalListsSettings.tsx(527,9): error TS6133: 'inputRef' is declared but its value is never read.
src/components/Settings/Organization/GlobalListsSettings.tsx(636,46): error TS6133: 'confirmLabel' is declared but its value is never read.
src/components/Settings/Workforce/ActivityLog.tsx(1,8): error TS6133: 'React' is declared but its value is never read.
src/components/Settings/Workforce/ActivityLog.tsx(3,10): error TS6133: 'Shield' is declared but its value is never read.
src/components/Settings/Workforce/ActivityLog.tsx(3,25): error TS6133: 'Info' is declared but its value is never read.
src/components/Settings/Workforce/ActivityLog.tsx(4,1): error TS6192: All imports in import declaration are unused.
src/components/Settings/Workforce/ActivityLog.tsx(101,18): error TS6133: 'l' is declared but its value is never read.
src/components/Settings/Workforce/CreateContractModal.tsx(4,33): error TS6133: 'Badge' is declared but its value is never read.
src/components/Settings/Workforce/CreateContractModal.tsx(14,56): error TS6133: 'memberId' is declared but its value is never read.
src/components/Settings/Workforce/CreateEditGroupModal.tsx(2,10): error TS6133: 'X' is declared but its value is never read.
src/components/Settings/Workforce/CreateEditGroupModal.tsx(2,13): error TS6133: 'Shield' is declared but its value is never read.
src/components/Settings/Workforce/CreateEditGroupModal.tsx(2,35): error TS6133: 'AlertCircle' is declared but its value is never read.
src/components/Settings/Workforce/CreateEditGroupModal.tsx(106,9): error TS6133: 'getCategoryFromKey' is declared but its value is never read.
src/components/Settings/Workforce/CreateEditGroupModal.tsx(110,11): error TS6133: 'categoryPrefixMap' is declared but its value is never read.
src/components/Settings/Workforce/CreateTeamModal.tsx(5,17): error TS6133: 'Shield' is declared but its value is never read.
src/components/Settings/Workforce/CreateTeamModal.tsx(5,37): error TS6133: 'Type' is declared but its value is never read.
src/components/Settings/Workforce/OnboardingWizard.tsx(1,8): error TS6133: 'React' is declared but its value is never read.
src/components/Settings/Workforce/OnboardingWizard.tsx(9,3): error TS6133: 'ArrowLeft' is declared but its value is never read.
src/components/Settings/Workforce/OnboardingWizard.tsx(12,3): error TS6133: 'Calendar' is declared but its value is never read.
src/components/Settings/Workforce/OnboardingWizard.tsx(13,3): error TS6133: 'CreditCard' is declared but its value is never read.
src/components/Settings/Workforce/OrgDesign.tsx(1,8): error TS6133: 'React' is declared but its value is never read.
src/components/Settings/Workforce/OrgDesign.tsx(7,10): error TS6133: 'Briefcase' is declared but its value is never read.
src/components/Settings/Workforce/OrgDesign.tsx(7,21): error TS6133: 'Plus' is declared but its value is never read.
src/components/Settings/Workforce/OrgDesign.tsx(7,35): error TS6133: 'MapPin' is declared but its value is never read.
src/components/Settings/Workforce/OrgDesign.tsx(7,50): error TS6133: 'History' is declared but its value is never read.
src/components/Settings/Workforce/OrgDesign.tsx(7,59): error TS2305: Module '"lucide-react"' has no exported member 'TreeLabels'.
src/components/Settings/Workforce/OrgDesign.tsx(7,59): error TS6133: 'TreeLabels' is declared but its value is never read.
src/components/Settings/Workforce/OrgVisualizer.tsx(1,8): error TS6133: 'React' is declared but its value is never read.
src/components/Settings/Workforce/OrgVisualizer.tsx(3,21): error TS7016: Could not find a declaration file for module 'd3'. 'C:/Projects/aurora/node_modules/d3/src/index.js' implicitly has an 'any' type.
  Try `npm i --save-dev @types/d3` if it exists or add a new declaration (.d.ts) file containing `declare module 'd3';`
src/components/Settings/Workforce/OrgVisualizer.tsx(5,63): error TS6133: 'ChevronRight' is declared but its value is never read.
src/components/Settings/Workforce/OrgVisualizer.tsx(6,17): error TS6133: 'Button' is declared but its value is never read.
src/components/Settings/Workforce/OrgVisualizer.tsx(7,18): error TS6133: 'AnimatePresence' is declared but its value is never read.
src/components/Settings/Workforce/OrgVisualizer.tsx(45,11): error TS6133: 'rootIdToUse' is declared but its value is never read.
src/components/Settings/Workforce/OrgVisualizer.tsx(71,13): error TS7006: Parameter 'd' implicitly has an 'any' type.
src/components/Settings/Workforce/OrgVisualizer.tsx(72,19): error TS7006: Parameter 'd' implicitly has an 'any' type.
src/components/Settings/Workforce/OrgVisualizer.tsx(93,20): error TS7006: Parameter 'event' implicitly has an 'any' type.
src/components/Settings/Workforce/OrgVisualizer.tsx(190,26): error TS2339: Property 'links' does not exist on type 'TreeNode'.
src/components/Settings/Workforce/OrgVisualizer.tsx(191,21): error TS7006: Parameter 'link' implicitly has an 'any' type.
src/components/Settings/Workforce/OrgVisualizer.tsx(192,19): error TS7006: Parameter 'link' implicitly has an 'any' type.
src/components/Settings/Workforce/OrgVisualizer.tsx(192,25): error TS7006: Parameter 'i' implicitly has an 'any' type.
src/components/Settings/Workforce/OrgVisualizer.tsx(198,20): error TS7006: Parameter 'd' implicitly has an 'any' type.
src/components/Settings/Workforce/OrgVisualizer.tsx(199,20): error TS7006: Parameter 'd' implicitly has an 'any' type.
src/components/Settings/Workforce/OrgVisualizer.tsx(215,26): error TS2339: Property 'descendants' does not exist on type 'TreeNode'.
src/components/Settings/Workforce/OrgVisualizer.tsx(216,21): error TS7006: Parameter 'node' implicitly has an 'any' type.
src/components/Settings/Workforce/OrgVisualizer.tsx(217,30): error TS6133: 'i' is declared but its value is never read.
src/components/Settings/Workforce/OrgVisualizer.tsx(217,30): error TS7006: Parameter 'i' implicitly has an 'any' type.
src/components/Settings/Workforce/PeopleCenter.tsx(1,1): error TS6192: All imports in import declaration are unused.
src/components/Settings/Workforce/PeopleCenter.tsx(5,17): error TS6133: 'Button' is declared but its value is never read.
src/components/Settings/Workforce/PeopleCenter.tsx(6,27): error TS6133: 'Shield' is declared but its value is never read.
src/components/Settings/Workforce/PeopleCenter.tsx(6,49): error TS6133: 'Plus' is declared but its value is never read.
src/components/Settings/Workforce/PeopleCenter.tsx(7,1): error TS6133: 'CapabilityGate' is declared but its value is never read.
src/components/Settings/Workforce/PermissionsTab.tsx(1,8): error TS6133: 'React' is declared but its value is never read.
src/components/Settings/Workforce/PermissionsTab.tsx(2,27): error TS6133: 'Check' is declared but its value is never read.
src/components/Settings/Workforce/PermissionsTab.tsx(2,75): error TS6133: 'Zap' is declared but its value is never read.
src/components/Settings/Workforce/RequestLeaveModal.tsx(3,30): error TS6133: 'MessageSquare' is declared but its value is never read.
src/components/Settings/Workforce/RequestLeaveModal.tsx(13,54): error TS6133: 'memberId' is declared but its value is never read.
src/components/Settings/Workforce/SecurityGroups.tsx(1,8): error TS6133: 'React' is declared but its value is never read.
src/components/Settings/Workforce/SecurityGroups.tsx(2,18): error TS6133: 'Plus' is declared but its value is never read.
src/components/Settings/Workforce/SecurityGroups.tsx(2,24): error TS6133: 'MoreVertical' is declared but its value is never read.
src/components/Settings/Workforce/SecurityGroups.tsx(2,53): error TS6133: 'Users' is declared but its value is never read.
src/components/Settings/Workforce/SignaturePad.tsx(1,8): error TS6133: 'React' is declared but its value is never read.
src/components/Settings/Workforce/SignaturePad.tsx(12,10): error TS6133: 'isDrawing' is declared but its value is never read.
src/components/Settings/Workforce/SignaturePad.tsx(12,21): error TS6133: 'setIsDrawing' is declared but its value is never read.
src/components/Settings/Workforce/SignaturePad.tsx(13,9): error TS6133: 'canvasRef' is declared but its value is never read.
src/components/Settings/Workforce/TeamHub.tsx(1,1): error TS6133: 'React' is declared but its value is never read.
src/components/Settings/Workforce/TeamHub.tsx(4,18): error TS6133: 'cn' is declared but its value is never read.
src/components/Settings/Workforce/TeamHub.tsx(5,10): error TS6133: 'Users' is declared but its value is never read.
src/components/UI/AccordionContainer.tsx(3,23): error TS6133: 'Plus' is declared but its value is never read.
src/components/UI/AccordionContainer.tsx(3,29): error TS6133: 'Minus' is declared but its value is never read.
src/components/UI/DatePicker.tsx(12,3): error TS6133: 'addDays' is declared but its value is never read.
src/components/UI/DatePicker.tsx(15,3): error TS6133: 'parse' is declared but its value is never read.
src/components/UI/DatePicker.tsx(22,3): error TS6133: 'startOfToday' is declared but its value is never read.
src/components/UI/DatePicker.tsx(49,3): error TS2339: Property 'className' does not exist on type 'DatePickerProps'.
src/components/UI/DatePicker.tsx(50,3): error TS2339: Property 'onBlur' does not exist on type 'DatePickerProps'.
src/components/UI/RichTextEditor.tsx(1,17): error TS6133: 'useState' is declared but its value is never read.
src/components/UI/RichTextEditor.tsx(6,3): error TS6133: 'Type' is declared but its value is never read.
src/components/UI/RichTextEditor.tsx(6,9): error TS6133: 'Quote' is declared but its value is never read.
src/components/UI/RichTextEditor.tsx(6,16): error TS6133: 'Code' is declared but its value is never read.
src/components/UI/RichTextEditor.tsx(76,9): error TS2322: Type '{ ref: RefObject<HTMLDivElement>; contentEditable: boolean; onInput: (e: InputEvent<HTMLDivElement>) => void; dangerouslySetInnerHTML: { ...; }; className: string; placeholder: string; }' is not assignable to type 'DetailedHTMLProps<HTMLAttributes<HTMLDivElement>, HTMLDivElement>'.
  Property 'placeholder' does not exist on type 'DetailedHTMLProps<HTMLAttributes<HTMLDivElement>, HTMLDivElement>'.
src/components/UI/SignaturePad.tsx(3,18): error TS6133: 'Download' is declared but its value is never read.
src/components/UI/StackedModal.tsx(1,17): error TS6133: 'useMemo' is declared but its value is never read.
src/components/UI/StackedModal.tsx(11,10): error TS6133: 'flattenFields' is declared but its value is never read.
src/components/UI/StackedModal.tsx(12,1): error TS6133: 'evaluateCalculations' is declared but its value is never read.
src/components/UI/StackedModal.tsx(277,33): error TS2304: Cannot find name 'Layers'.
src/components/UI/Table.tsx(2,22): error TS6133: 'AuroraSpinner' is declared but its value is never read.
src/components/UI/TimePicker.tsx(90,9): error TS6133: 'hourOptions' is declared but its value is never read.
src/components/UI/TimePicker.tsx(91,9): error TS6133: 'minuteOptions' is declared but its value is never read.
src/components/WorkQueue.tsx(27,56): error TS6133: 'total' is declared but its value is never read.
src/components/WorkQueue.tsx(63,13): error TS2304: Cannot find name 'mutateCases'.
src/constants/blueprints.ts(20,5): error TS2353: Object literal may only specify known properties, and 'dependencies' does not exist in type 'IndustryBlueprint'.
src/hooks/useCapabilities.ts(6,17): error TS6133: 'tenant' is declared but its value is never read.
src/hooks/useCapabilities.ts(22,22): error TS6133: 'action' is declared but its value is never read.
src/hooks/useData.ts(65,48): error TS7006: Parameter 'item' implicitly has an 'any' type.
src/hooks/useUsers.ts(1,1): error TS6133: 'useCallback' is declared but its value is never read.
src/lib/utils.ts(73,36): error TS6133: 'key' is declared but its value is never read.
src/lib/utils.ts(215,55): error TS6133: 'match' is declared but its value is never read.
src/pages/Module/ModuleView.tsx(2,21): error TS6133: 'Navigate' is declared but its value is never read.
src/pages/Module/ModuleView.tsx(20,1): error TS6133: 'MODULES' is declared but its value is never read.
src/pages/Module/ModuleView.tsx(111,71): error TS6133: 'recordsError' is declared but its value is never read.
src/pages/Module/ModuleView.tsx(168,17): error TS6133: 'savedRecord' is declared but its value is never read.
src/pages/Module/ModuleView.tsx(720,41): error TS2322: Type '{ field: any; value: any; onChange: (val: any, metadata: any) => void; usersData: undefined[]; lookupData: {}; recordData: any; }' is not assignable to type 'IntrinsicAttributes & FieldInputProps'.
  Property 'usersData' does not exist on type 'IntrinsicAttributes & FieldInputProps'.
src/pages/Module/ModuleView.tsx(756,37): error TS2322: Type '{ field: ModuleField; value: any; onChange: (val: any, metadata: any) => void; usersData: undefined[]; lookupData: {}; recordData: Record<string, any>; }' is not assignable to type 'IntrinsicAttributes & FieldInputProps'.
  Property 'usersData' does not exist on type 'IntrinsicAttributes & FieldInputProps'.
src/pages/Platform/PeopleOrgDetail.tsx(1,8): error TS6133: 'React' is declared but its value is never read.
src/pages/Platform/PeopleOrgDetail.tsx(14,3): error TS6133: 'ExternalLink' is declared but its value is never read.
src/pages/Platform/PeopleOrgDetail.tsx(17,3): error TS6133: 'Mail' is declared but its value is never read.
src/pages/Platform/PeopleOrgDetail.tsx(18,3): error TS6133: 'MapPin' is declared but its value is never read.
src/pages/Platform/PeopleOrgDetail.tsx(26,40): error TS6133: 'cn' is declared but its value is never read.
src/pages/Platform/PeopleOrgDetail.tsx(47,10): error TS6133: 'loadingExtras' is declared but its value is never read.
src/pages/Platform/PeopleOrgDetail.tsx(267,24): error TS2322: Type '"indigo" | "amber"' is not assignable to type '"blue" | "green" | "orange" | "purple" | "red" | "zinc"'.
  Type '"indigo"' is not assignable to type '"blue" | "green" | "orange" | "purple" | "red" | "zinc"'.
src/pages/Platform/PeopleOrgDetail.tsx(271,19): error TS2322: Type '"green" | "zinc" | "amber"' is not assignable to type '"blue" | "green" | "orange" | "purple" | "red" | "zinc"'.
  Type '"amber"' is not assignable to type '"blue" | "green" | "orange" | "purple" | "red" | "zinc"'.
src/pages/Platform/PeopleOrgDetail.tsx(517,43): error TS2322: Type '"indigo"' is not assignable to type '"blue" | "green" | "orange" | "purple" | "red" | "zinc"'.
src/pages/Platform/PeopleOrgDetail.tsx(548,41): error TS6133: 'idx' is declared but its value is never read.
src/pages/Platform/PeopleOrgDirectory.tsx(9,3): error TS6133: 'MoreHorizontal' is declared but its value is never read.
src/pages/Platform/PeopleOrgDirectory.tsx(10,3): error TS6133: 'GitBranch' is declared but its value is never read.
src/pages/Platform/PeopleOrgDirectory.tsx(15,3): error TS6133: 'Clock' is declared but its value is never read.
src/pages/Platform/PeopleOrgDirectory.tsx(16,3): error TS6133: 'ExternalLink' is declared but its value is never read.
src/pages/Platform/PeopleOrgDirectory.tsx(23,1): error TS6133: 'toast' is declared but its value is never read.
src/pages/Platform/PeopleOrgDirectory.tsx(25,1): error TS6133: 'RelationshipGraph' is declared but its value is never read.
src/pages/Platform/PeopleOrgDirectory.tsx(47,10): error TS6133: 'total' is declared but its value is never read.
src/pages/Settings/AppearanceSettings.tsx(1,8): error TS6133: 'React' is declared but its value is never read.
src/pages/Settings/AppearanceSettings.tsx(8,3): error TS6133: 'Search' is declared but its value is never read.
src/pages/Settings/AppearanceSettings.tsx(9,3): error TS6133: 'ChevronRight' is declared but its value is never read.
src/pages/Settings/AppearanceSettings.tsx(10,3): error TS6133: 'ChevronDown' is declared but its value is never read.
src/pages/Settings/AppearanceSettings.tsx(11,3): error TS6133: 'Plus' is declared but its value is never read.
src/pages/Settings/AppearanceSettings.tsx(12,3): error TS6133: 'Trash2' is declared but its value is never read.
src/pages/Settings/AppearanceSettings.tsx(13,3): error TS6133: 'GripVertical' is declared but its value is never read.
src/pages/Settings/AppearanceSettings.tsx(21,18): error TS6133: 'Input' is declared but its value is never read.
src/pages/Settings/AppearanceSettings.tsx(42,35): error TS6133: 'updateTenant' is declared but its value is never read.
src/pages/Settings/AppearanceSettings.tsx(82,18): error TS2339: Property 'menuConfig' does not exist on type 'Tenant'.
src/pages/Settings/AppearanceSettings.tsx(83,34): error TS2339: Property 'menuConfig' does not exist on type 'Tenant'.
src/pages/Settings/AppearanceSettings.tsx(84,31): error TS2339: Property 'menuConfig' does not exist on type 'Tenant'.
src/pages/Settings/AppearanceSettings.tsx(85,28): error TS2339: Property 'menuConfig' does not exist on type 'Tenant'.
src/pages/Settings/AppearanceSettings.tsx(86,36): error TS2339: Property 'menuConfig' does not exist on type 'Tenant'.
src/pages/Settings/AppearanceSettings.tsx(101,29): error TS2339: Property 'layout_style' does not exist on type '{ logoUrl?: string; primaryColor?: string; secondaryColor?: string; accentColor?: string; faviconUrl?: string; useTenantBranding?: boolean; aiEnabled?: boolean; forceDarkMode?: boolean; }'.
src/pages/Settings/AppearanceSettings.tsx(102,42): error TS2339: Property 'layout_style' does not exist on type '{ logoUrl?: string; primaryColor?: string; secondaryColor?: string; accentColor?: string; faviconUrl?: string; useTenantBranding?: boolean; aiEnabled?: boolean; forceDarkMode?: boolean; }'.
src/pages/Settings/AppearanceSettings.tsx(327,7): error TS6133: 'IconRenderer' is declared but its value is never read.
src/pages/Settings/BillingPage.tsx(199,18): error TS6133: 'inv' is declared but its value is never read.
src/pages/Settings/ConnectorsPage.tsx(10,3): error TS6133: 'Puzzle' is declared but its value is never read.
src/pages/Settings/ConnectorsPage.tsx(11,3): error TS6133: 'ExternalLink' is declared but its value is never read.
src/pages/Settings/ConnectorsPage.tsx(21,3): error TS6133: 'ChevronDown' is declared but its value is never read.
src/pages/Settings/ConnectorsPage.tsx(22,3): error TS6133: 'Save' is declared but its value is never read.
src/pages/Settings/ConnectorsPage.tsx(25,1): error TS6133: 'FieldCreationModal' is declared but its value is never read.
src/pages/Settings/ConnectorsPage.tsx(31,18): error TS6133: 'Input' is declared but its value is never read.
src/pages/Settings/ConnectorsPage.tsx(33,18): error TS6133: 'AnimatePresence' is declared but its value is never read.
src/pages/Settings/PlatformModules/PeopleOrgSettings.tsx(3,3): error TS6133: 'Settings' is declared but its value is never read.
src/pages/Settings/PlatformModules/PeopleOrgSettings.tsx(10,3): error TS6133: 'Save' is declared but its value is never read.
src/pages/Settings/PlatformModules/PeopleOrgSettings.tsx(12,3): error TS6133: 'ChevronRight' is declared but its value is never read.
src/pages/Settings/PlatformModules/PeopleOrgSettings.tsx(13,3): error TS6133: 'AlertCircle' is declared but its value is never read.
src/pages/Settings/PlatformModules/PeopleOrgSettings.tsx(15,3): error TS6133: 'Zap' is declared but its value is never read.
src/pages/Settings/PlatformModules/PeopleOrgSettings.tsx(17,1): error TS6192: All imports in import declaration are unused.
src/pages/Settings/PlatformModules/PlatformModulesSettings.tsx(5,3): error TS6133: 'Cpu' is declared but its value is never read.
src/pages/Settings/PositionDetailView.tsx(13,3): error TS6133: 'Users' is declared but its value is never read.
src/pages/Settings/SettingsOverview.tsx(13,3): error TS6133: 'Database' is declared but its value is never read.
src/pages/Settings/SettingsOverview.tsx(16,3): error TS6133: 'Plus' is declared but its value is never read.
src/pages/Settings/TeamDetailView.tsx(7,3): error TS6133: 'Users' is declared but its value is never read.
src/pages/Settings/WorkforcePage.tsx(11,42): error TS6133: 'Search' is declared but its value is never read.
src/services/fieldService.ts(15,3): error TS6133: 'setYear' is declared but its value is never read.
